---
source: tests/ui_testing.rs
expression: self.buffer()
---
┌Light Theme───────────────────────────────────────────────────────────────────┐│Light theme example                                                           ││with different styling                                                        ││                                                                              ││                                                                              ││                                                                              ││                                                                              ││                                                                              ││                                                                              ││                                                                              ││                                                                              ││                                                                              ││                                                                              ││                                                                              ││                                                                              ││                                                                              ││                                                                              ││                                                                              ││                                                                              ││                                                                              ││                                                                              ││                                                                              ││                                                                              │└──────────────────────────────────────────────────────────────────────────────┘
