---
source: tests/ui_testing.rs
expression: self.buffer()
---
┌Help──────────────────────────────────────────────────────────────────────────┐│Taskwarrior TUI - Help                                                        ││                                                                              ││Navigation:                                                                   ││  ↑/k       Move up                                                           ││  ↓/j       Move down                                                         ││  Enter     Select item                                                       ││  Space     Mark/unmark                                                       ││                                                                              ││Actions:                                                                      ││  a         Add task                                                          ││  d         Delete task                                                       ││  e         Edit task                                                         ││  m         Mark done                                                         ││                                                                              ││Other:                                                                        ││  ?         Show this help                                                    ││  q         Quit                                                              ││                                                                              ││                                                                              ││                                                                              ││                                                                              ││                                                                              │└──────────────────────────────────────────────────────────────────────────────┘
