---
source: tests/ui_testing.rs
expression: self.buffer()
---
┌Mixed Status Tasks (5)────────────────────────────────────────────────────────┐│• [P] Review pull request #123 (code-review)                                  ││• [P] Buy groceries (personal)                                                ││• [C] Schedule dentist appointment (health)                                   ││• [P] Learn Rust async programming (learning, rust)                           ││• [P] Fix critical bug in authentication (work, urgent)                       ││                                                                              ││                                                                              ││                                                                              ││                                                                              ││                                                                              ││                                                                              ││                                                                              ││                                                                              ││                                                                              ││                                                                              ││                                                                              ││                                                                              ││                                                                              ││                                                                              ││                                                                              ││                                                                              ││                                                                              │└──────────────────────────────────────────────────────────────────────────────┘
