---
source: tests/ui_testing.rs
expression: self.buffer()
---
┌Square 60x60──────────────────────────────────────────────┐│Square terminal test                                      ││More vertical space available                             ││for displaying tasks:                                     ││                                                          ││• Task 1                                                  ││• Task 2                                                  ││• Task 3                                                  ││• Task 4                                                  ││• Task 5                                                  ││• Task 6                                                  ││• Task 7                                                  ││• Task 8                                                  ││• Task 9                                                  ││• Task 10                                                 ││                                                          ││                                                          ││                                                          ││                                                          ││                                                          ││                                                          ││                                                          ││                                                          │└──────────────────────────────────────────────────────────┘
