---
source: tests/ui_testing.rs
expression: self.buffer()
---
┌Unicode Rendering─────────────────────────────────────────────────────────────┐│Unicode Test:                                                                 ││                                                                              ││🚀  Priority task                                                              ││📋  Documentation                                                              ││🐛  Bug fix                                                                    ││✅  Completed                                                                  ││🏷️  Tags: プ ロ ジ ェ ク ト , тест, ทดสอบ                                            ││                                                                              ││                                                                              ││                                                                              ││                                                                              ││                                                                              ││                                                                              ││                                                                              ││                                                                              ││                                                                              ││                                                                              ││                                                                              ││                                                                              ││                                                                              ││                                                                              ││                                                                              │└──────────────────────────────────────────────────────────────────────────────┘
