---
source: tests/ui_testing.rs
expression: self.buffer()
---
┌Loading───────────────────────────────────────────────────────────────────────┐│                               Loading tasks...                               ││                                                                              ││                [████████████████████████████████████████] 100%               ││                                                                              ││                                Please wait...                                ││                                                                              ││                                                                              ││                                                                              ││                                                                              ││                                                                              ││                                                                              ││                                                                              ││                                                                              ││                                                                              ││                                                                              ││                                                                              ││                                                                              ││                                                                              ││                                                                              ││                                                                              ││                                                                              ││                                                                              │└──────────────────────────────────────────────────────────────────────────────┘
