---
source: tests/ui_testing.rs
expression: self.buffer()
---
┌Text Wrapping Test────────────────────────────────────────────────────────────┐│Long Task:                                                                    ││                                                                              ││This is an extremely long task description that might cause text wrapping     ││issues and should be tested to ensure it displays correctly in the terminal   ││user interface without breaking the layout or causing visual problems         ││                                                                              ││                                                                              ││                                                                              ││                                                                              ││                                                                              ││                                                                              ││                                                                              ││                                                                              ││                                                                              ││                                                                              ││                                                                              ││                                                                              ││                                                                              ││                                                                              ││                                                                              ││                                                                              ││                                                                              │└──────────────────────────────────────────────────────────────────────────────┘
