---
source: tests/ui_testing.rs
expression: self.buffer()
---
                                                                                                                                                                                                                                                                                                                                                                                                                                                                                                                                                                                                                                                                                    ┌Confirm Deletion──────────────────────┐                                        │             Delete Task?             │                                        │                                      │                                        │   Are you sure you want to delete:   │                                        │   'Complete project documentation'   │                                        │                                      │                                        │     This action cannot be undone.    │                                        │                                      │                                        │             [Y]es / [N]o             │                                        └──────────────────────────────────────┘
