---
source: tests/ui_testing.rs
expression: self.buffer()
---
┌Task Selection Demo───────────────────────────────────────────────────────────┐│  [P] Task 1 - Not selected                                                   ││→ [P] Task 2 - Currently selected                                             ││  [P] Task 3 - Not selected                                                   ││✓ [P] Task 4 - Marked                                                         ││                                                                              ││                                                                              ││                                                                              ││                                                                              ││                                                                              ││                                                                              ││                                                                              ││                                                                              ││                                                                              ││                                                                              ││                                                                              ││                                                                              ││                                                                              ││                                                                              ││                                                                              ││                                                                              ││                                                                              ││                                                                              │└──────────────────────────────────────────────────────────────────────────────┘
