---
source: tests/ui_testing.rs
expression: self.buffer()
---
┌Tasks─────────────────────────────────────────────────────────────────────────┐│                                No tasks found.                               ││                                                                              ││                         Press 'a' to add a new task.                         ││                                                                              ││                                                                              ││                                                                              ││                                                                              ││                                                                              ││                                                                              ││                                                                              ││                                                                              ││                                                                              ││                                                                              ││                                                                              ││                                                                              ││                                                                              ││                                                                              ││                                                                              ││                                                                              ││                                                                              ││                                                                              ││                                                                              │└──────────────────────────────────────────────────────────────────────────────┘
