---
source: tests/ui_testing.rs
expression: self.buffer()
---
┌Task Completion───────────────────────┐                                        │█████████████65% Complete             │                                        └──────────────────────────────────────┘
