---
source: tests/ui_testing.rs
expression: self.buffer()
---
┌Dark Theme────────────────────────────────────────────────────────────────────┐│Dark theme example                                                            ││with various colors                                                           ││                                                                              ││                                                                              ││                                                                              ││                                                                              ││                                                                              ││                                                                              ││                                                                              ││                                                                              ││                                                                              ││                                                                              ││                                                                              ││                                                                              ││                                                                              ││                                                                              ││                                                                              ││                                                                              ││                                                                              ││                                                                              ││                                                                              ││                                                                              │└──────────────────────────────────────────────────────────────────────────────┘
