---
source: tests/ui_testing.rs
expression: self.buffer()
---
┌High Contrast─────────────────────────────────────────────────────────────────┐│HIGH CONTRAST                                                                 ││MAXIMUM READABILITY                                                           ││                                                                              ││                                                                              ││                                                                              ││                                                                              ││                                                                              ││                                                                              ││                                                                              ││                                                                              ││                                                                              ││                                                                              ││                                                                              ││                                                                              ││                                                                              ││                                                                              ││                                                                              ││                                                                              ││                                                                              ││                                                                              ││                                                                              ││                                                                              │└──────────────────────────────────────────────────────────────────────────────┘
