---
source: tests/ui_testing.rs
expression: self.buffer()
---
┌Tasks (1)─────────────────────────────────────────────────────────────────────┐│• [P] Complete project documentation (work, urgent)                           ││                                                                              ││                                                                              ││                                                                              ││                                                                              ││                                                                              ││                                                                              ││                                                                              ││                                                                              ││                                                                              ││                                                                              ││                                                                              ││                                                                              ││                                                                              ││                                                                              ││                                                                              ││                                                                              ││                                                                              ││                                                                              ││                                                                              ││                                                                              ││                                                                              │└──────────────────────────────────────────────────────────────────────────────┘
