---
source: tests/ui_testing.rs
expression: self.buffer()
---
┌120x30 Terminal───────────────────────────────────────────────────────────────┐                                        │Wide terminal view test - this should have more horizontal space              │                                        │Tasks with longer descriptions can be displayed in full:                      │                                        │• Complete comprehensive integration testing for the taskwarrior TUI applicati│                                        │• Implement advanced filtering and search capabilities with regex support     │                                        │• Add keyboard shortcuts for power users and vim-like navigation              │                                        │                                                                              │                                        │                                                                              │                                        │                                                                              │                                        │                                                                              │                                        │                                                                              │                                        │                                                                              │                                        │                                                                              │                                        │                                                                              │                                        │                                                                              │                                        │                                                                              │                                        │                                                                              │                                        │                                                                              │                                        │                                                                              │                                        │                                                                              │                                        │                                                                              │                                        │                                                                              │                                        │                                                                              │                                        └──────────────────────────────────────────────────────────────────────────────┘
