---
source: tests/ui_testing.rs
expression: self.buffer()
---
                                                                                                                                                                                                                                                                                                                                                                                                                                                                                                                                                                                                                                                                                                                                                                                                                                                                                                                                                                                                                                                                                                                                                                                                                                                                                                                                                                                                                                                                                                                                                                                                                                                                                                                                                ────────────────────────────────────────────────────────────────────────────────Tasks: 15 | Pending: 8 | Completed: 7 | Filter: status:pending
