---
source: tests/ui_testing.rs
expression: self.buffer()
---
┌Min───────────────┐│Min               ││Term              ││Test              ││                  ││                  ││                  │└──────────────────┘
