---
source: tests/ui_testing.rs
expression: self.buffer()
---
┌Daily Progress──────────────────────────────────┐                              │4/10 tasks ─────────────────────────────────────│                              └────────────────────────────────────────────────┘
