---
source: tests/ui_testing.rs
expression: self.buffer()
---
┌Special Characters Test───────────────────────────────────────────────────────┐│Special Characters:                                                           ││                                                                              ││• Task with "quotes"                                                          ││• Task with 'apostrophes'                                                     ││• Task with <brackets>                                                        ││• Task with &amp; entities                                                    ││• Task with \backslashes\                                                     ││                                                                              ││                                                                              ││                                                                              ││                                                                              ││                                                                              ││                                                                              ││                                                                              ││                                                                              ││                                                                              ││                                                                              ││                                                                              ││                                                                              ││                                                                              ││                                                                              ││                                                                              │└──────────────────────────────────────────────────────────────────────────────┘
