---
source: tests/ui_testing.rs
expression: self.buffer()
---
┌Three Pane Layout─────────────────────────────────────────────────────────────┐│Context                  │Tasks                    │Details                   ││─────────                │─────────                │─────────                 ││• work                   │• Fix bug                │Description:              ││• personal               │• Review PR              │Fix critical auth bug     ││                                                                              ││                                                                              ││                                                                              ││                                                                              ││                                                                              ││                                                                              ││                                                                              ││                                                                              ││                                                                              ││                                                                              ││                                                                              ││                                                                              ││                                                                              ││                                                                              ││                                                                              ││                                                                              ││                                                                              ││                                                                              │└──────────────────────────────────────────────────────────────────────────────┘
