---
source: tests/ui_testing.rs
expression: self.buffer()
---
┌Split Layout (60/40)──────────────────────────────────────────────────────────┐│Task List Pane                                  │Details Pane                 ││                                                │                             ││• Task 1                                        │Selected: Task 1             ││• Task 2                                        │Status: Pending              ││• Task 3                                        │Tags: work, urgent           ││                                                                              ││                                                                              ││                                                                              ││                                                                              ││                                                                              ││                                                                              ││                                                                              ││                                                                              ││                                                                              ││                                                                              ││                                                                              ││                                                                              ││                                                                              ││                                                                              ││                                                                              ││                                                                              ││                                                                              │└──────────────────────────────────────────────────────────────────────────────┘
